// Jest Snapshot v1, https://goo.gl/fbAQLP

exports[`GraphInstance renders correctly 1`] = `
<div
  class="graph__shadow"
  role="tabpanel"
>
  <div
    aria-hidden="true"
    class="graph__container"
  >
    <div
      class="spinner"
    >
      <!--function (el) {
      var obj;

      var args = [], len = arguments.length - 1;
      while ( len-- &gt; 0 ) args[ len ] = arguments[ len + 1 ];
      if (shouldNotBeStubbed(el, stubs, modifiedComponents)) {
        return originalCreateElement.apply(void 0, [ el ].concat( args ))
      }

      if (isConstructor(el) || isComponentOptions(el)) {
        if (stubAllComponents) {
          var stub = createStubFromComponent(el, el.name || 'anonymous', _Vue);
          return originalCreateElement.apply(void 0, [ stub ].concat( args ))
        }
        var Constructor = shouldExtend(el, _Vue) ? extend(el, _Vue) : el;

        return originalCreateElement.apply(void 0, [ Constructor ].concat( args ))
      }

      if (typeof el === 'string') {
        var original = resolveComponent(el, originalComponents);

        if (!original) {
          return originalCreateElement.apply(void 0, [ el ].concat( args ))
        }

        if (isDynamicComponent(original)) {
          return originalCreateElement.apply(void 0, [ el ].concat( args ))
        }

        var stub$1 = createStubIfNeeded(stubAllComponents, original, _Vue, el);

        if (stub$1) {
          Object.assign(vm.$options.components, ( obj = {}, obj[el] = stub$1, obj));
          modifiedComponents.add(el);
        }
      }

      return originalCreateElement.apply(void 0, [ el ].concat( args ))
    }-->
       
      <span
        class="spinner__text"
      >
        Henter data
      </span>
    </div>
     
    <!---->
     
    <svg
      aria-hidden="true"
      class="graph__svg loading"
    />
  </div>
   
  <div
    class="graph__tablecontainer visually-hidden"
  >
    <h3
      class="table-heading"
    />
     
    <table
      class=""
    >
      <thead />
       
      <tbody />
    </table>
     
    <!---->
  </div>
   
  <div
    class="resize-observer"
    data-v-b329ee4c=""
    tabindex="-1"
  >
    <object
      aria-hidden="true"
      data="about:blank"
      tabindex="-1"
      type="text/html"
    />
  </div>
   
  <!---->
</div>
`;
