// Jest Snapshot v1, https://goo.gl/fbAQLP

exports[`GraphCard change an active tab 1`] = `
<section
  class="card-container large"
>
  <div
    class="card"
  >
    <!--v-if-->
    <header
      class="card__header"
    >
      <div
        class="card__headertext"
      >
        <h2
          class="card__title"
        >
          Befolkningen etter alder
        </h2>
      </div>
      <nav
        class="card__nav"
      >
        <div
          class="tabs"
          role="tablist"
        >
          <div
            class="vue3-resize-observer"
            tabindex="-1"
          >
            <object
              aria-hidden="true"
              data="about:blank"
              tabindex="-1"
              type="text/html"
            />
          </div>
          
          <button
            aria-label="Antall"
            class="active tabs__tab"
            data-id="tabButton-Befolkningen etter alder-0"
            role="tab"
          >
            Antall
          </button>
          <button
            aria-label="Andel"
            class="tabs__tab"
            data-id="tabButton-Befolkningen etter alder-1"
            role="tab"
          >
            Andel
          </button>
          
          <!--v-if-->
        </div>
        <div
          class="card__toggle-menu"
        >
          <button
            aria-label="Graf"
            class="card__toggle-button card__toggle-button--active"
            title="Graf"
          >
            <ok-icon-stub
              class="context-menu__dropdown-item-icon"
              iconref="graph"
              options="[object Object]"
            />
          </button>
          <button
            aria-label="Tabell"
            class="card__toggle-button"
            title="Tabell"
          >
            <ok-icon-stub
              class="context-menu__dropdown-item-icon"
              iconref="table"
              options="[object Object]"
            />
          </button>
          <!--v-if-->
        </div>
        <div
          class="context-menu"
        >
          <button
            aria-haspopup="true"
            aria-label="Åpne meny"
            class="context-menu__button"
            data-id="context-menu-button"
            title="Åpne meny"
          >
            <ok-icon-stub
              iconref="menu"
              options="[object Object]"
            />
            <span
              class="button-label"
            >
              Valg
            </span>
          </button>
          <!--v-if-->
        </div>
      </nav>
    </header>
    <div
      class="graph__shadow"
      role="tabpanel"
    >
      <div
        aria-hidden="true"
        class="graph__container"
      >
        <div
          class="spinner"
        >
          <spinner-stub />
          <span
            class="spinner__text"
          >
            Henter data
          </span>
        </div>
        <!--v-if-->
        <svg
          aria-hidden="true"
          class="graph__svg loading"
        />
      </div>
      <div
        class="visually-hidden graph__tablecontainer"
      >
        <h3
          class="table-heading"
        />
        <table
          class=""
        >
          <thead />
          <tbody />
        </table>
        <!--v-if-->
      </div>
      <div
        class="vue3-resize-observer"
        tabindex="-1"
      >
        <object
          aria-hidden="true"
          data="about:blank"
          tabindex="-1"
          type="text/html"
        />
      </div>
      <div
        class="help"
      >
        <button
          aria-label="Vis hjelpetekst"
          class="help__button"
        >
          <ok-icon-stub
            iconref="question"
            options="[object Object]"
          />
        </button>
        <!--v-if-->
      </div>
    </div>
    <!--v-if-->
    <!--v-if-->
  </div>
</section>
`;

exports[`GraphCard renders correctly 1`] = `
<section
  class="card-container large"
>
  <div
    class="card"
  >
    <!--v-if-->
    <header
      class="card__header"
    >
      <div
        class="card__headertext"
      >
        <h2
          class="card__title"
        >
          Befolkningen etter alder
        </h2>
      </div>
      <nav
        class="card__nav"
      >
        <div
          class="tabs"
          role="tablist"
        >
          <div
            class="vue3-resize-observer"
            tabindex="-1"
          >
            <object
              aria-hidden="true"
              data="about:blank"
              tabindex="-1"
              type="text/html"
            />
          </div>
          
          <button
            aria-label="Antall"
            class="active tabs__tab"
            data-id="tabButton-Befolkningen etter alder-0"
            role="tab"
          >
            Antall
          </button>
          <button
            aria-label="Andel"
            class="tabs__tab"
            data-id="tabButton-Befolkningen etter alder-1"
            role="tab"
          >
            Andel
          </button>
          
          <!--v-if-->
        </div>
        <div
          class="card__toggle-menu"
        >
          <button
            aria-label="Graf"
            class="card__toggle-button card__toggle-button--active"
            title="Graf"
          >
            <ok-icon-stub
              class="context-menu__dropdown-item-icon"
              iconref="graph"
              options="[object Object]"
            />
          </button>
          <button
            aria-label="Tabell"
            class="card__toggle-button"
            title="Tabell"
          >
            <ok-icon-stub
              class="context-menu__dropdown-item-icon"
              iconref="table"
              options="[object Object]"
            />
          </button>
          <!--v-if-->
        </div>
        <div
          class="context-menu"
        >
          <button
            aria-haspopup="true"
            aria-label="Åpne meny"
            class="context-menu__button"
            data-id="context-menu-button"
            title="Åpne meny"
          >
            <ok-icon-stub
              iconref="menu"
              options="[object Object]"
            />
            <span
              class="button-label"
            >
              Valg
            </span>
          </button>
          <!--v-if-->
        </div>
      </nav>
    </header>
    <div
      class="graph__shadow"
      role="tabpanel"
    >
      <div
        aria-hidden="true"
        class="graph__container"
      >
        <div
          class="spinner"
        >
          <spinner-stub />
          <span
            class="spinner__text"
          >
            Henter data
          </span>
        </div>
        <!--v-if-->
        <svg
          aria-hidden="true"
          class="graph__svg loading"
        />
      </div>
      <div
        class="visually-hidden graph__tablecontainer"
      >
        <h3
          class="table-heading"
        />
        <table
          class=""
        >
          <thead />
          <tbody />
        </table>
        <!--v-if-->
      </div>
      <div
        class="vue3-resize-observer"
        tabindex="-1"
      >
        <object
          aria-hidden="true"
          data="about:blank"
          tabindex="-1"
          type="text/html"
        />
      </div>
      <div
        class="help"
      >
        <button
          aria-label="Vis hjelpetekst"
          class="help__button"
        >
          <ok-icon-stub
            iconref="question"
            options="[object Object]"
          />
        </button>
        <!--v-if-->
      </div>
    </div>
    <!--v-if-->
    <!--v-if-->
  </div>
</section>
`;
