// Jest Snapshot v1, https://goo.gl/fbAQLP

exports[`GraphInstance renders correctly 1`] = `
<div
  class="graph__shadow"
  role="tabpanel"
  showtable="false"
>
  <div
    aria-hidden="true"
    class="graph__container"
  >
    <div
      class="spinner"
    >
      <spinner-stub />
      <span
        class="spinner__text"
      >
        Henter data
      </span>
    </div>
    <!--v-if-->
    <svg
      aria-hidden="true"
      class="graph__svg loading"
    />
  </div>
  <div
    class="visually-hidden graph__tablecontainer"
  >
    <h3
      class="table-heading"
    />
    <table
      class=""
    >
      <thead />
      <tbody />
    </table>
    <!--v-if-->
  </div>
  <div
    class="vue3-resize-observer"
    tabindex="-1"
  >
    <object
      aria-hidden="true"
      data="about:blank"
      tabindex="-1"
      type="text/html"
    />
  </div>
  <!--v-if-->
</div>
`;
