// Jest Snapshot v1, https://goo.gl/fbAQLP

exports[`Home Home renders correctly 1`] = `
<h1>
  Forside
</h1>
`;
